[osteria60.webflow.io/index.html]
[backblue.gif]
[fade.gif]
[index.html]
[uploads-ssl.webflow.com/5773cfeac8d072ad1d609dcd/css/osteria60.webflow.86c6feea5.css]
[uploads-ssl.webflow.com/5773cfeac8d072ad1d609dcd/577b8d51f4bb5c58573ae48e_Osteria-60-favicon.png]
[uploads-ssl.webflow.com/5773cfeac8d072ad1d609dcd/577b8d563dcedd7133c42423_Osteria-60-logo-thumb.jpg]
[www.google-analytics.com/analytics.js]
[uploads-ssl.webflow.com/5773cfeac8d072ad1d609dcd/5790ec32e99c01fc6691b828_menu-icon.png]
[uploads-ssl.webflow.com/5773cfeac8d072ad1d609dcd/5773db40b411727174e0bb02_osteria 60 logo.png]
[uploads-ssl.webflow.com/5773cfeac8d072ad1d609dd1/57fca9d03d50c2ae5e866433_mackerel1.jpg]
[osteria60.webflow.io/our-blog/yoji-tokuyoshi-ivan-simeoli-at-osteria-60-london-7th-october-2016.html]
[uploads-ssl.webflow.com/5773cfeac8d072ad1d609dd1/57d81b1c270afde948955ed2_DSC_1067-300x225.jpg]
[uploads-ssl.webflow.com/5773cfeac8d072ad1d609dcd/57c983db318cfff2703ffd33_foodalcoholic .jpg]
[uploads-ssl.webflow.com/5773cfeac8d072ad1d609dd1/57dc1dbd4e63021848238a1f_Yogi.jpg]
[uploads-ssl.webflow.com/5773cfeac8d072ad1d609dd1/57dc1e7d6f6d4f673ef6e06b_calamari.jpg]
[uploads-ssl.webflow.com/5773cfeac8d072ad1d609dd1/57dc27004e6302184823ac24_zane.jpg]
[uploads-ssl.webflow.com/5773cfeac8d072ad1d609dcd/5773dbcdd4c2d3ca1d1a36d2_osteria-60-logo-white.png]
[d3e54v103j8qbb.cloudfront.net/js/jquery-3.5.1.min.dc5e7f18c86c53.js]
[osteria60.webflow.io/index.html]
[uploads-ssl.webflow.com/5773cfeac8d072ad1d609dcd/js/webflow.9fbfde625.js]
[uploads-ssl.webflow.com/5773cfeac8d072ad1d609dcd/577e6b1ae3f0f3221584d8a0_Beetroot-cover.jpg]
[uploads-ssl.webflow.com/5773cfeac8d072ad1d609dcd/57a209091e1047b20809de8f_041A5808.jpg]
[uploads-ssl.webflow.com/5773cfeac8d072ad1d609dcd/577e6b3f3a9f1a3f1535dc00_Ravioli_ricotta-cover.jpg]
[uploads-ssl.webflow.com/5773cfeac8d072ad1d609dcd/57864f7dccda65ac61883163_afternoon-tea-1.jpg]
[uploads-ssl.webflow.com/5773cfeac8d072ad1d609dcd/57864fbd1c0e63b151798ede_Osteria_60_bar2.jpg]
[uploads-ssl.webflow.com/5773cfeac8d072ad1d609dcd/577a821b280cf6ac333c7d60_Spike-light-cover.jpg]
[uploads-ssl.webflow.com/5773cfeac8d072ad1d609dcd/5787e4497a881eed0c7a3187_chocolate-mondrian.jpg]
[uploads-ssl.webflow.com/5773cfeac8d072ad1d609dcd/57b1b3a0ec62b90517b946fb_osteria-terrace.jpg]
[d3e54v103j8qbb.cloudfront.net/img/example-bg.png]
[uploads-ssl.webflow.com/5773cfeac8d072ad1d609dcd/577f6de669b57ef60a35e069_Ivan.jpg]
[uploads-ssl.webflow.com/5773cfeac8d072ad1d609dcd/57a204b3232741c567af8519_Osteria-minestrone.jpg]
[uploads-ssl.webflow.com/5773cfeac8d072ad1d609dcd/5784e8905ff1ffc12fe70247_Osteria_60_front-door.jpg]
[uploads-ssl.webflow.com/5773cfeac8d072ad1d609dcd/57b587b9f0e4b32e12c6b92b_Osteria-private-hire-terrace.jpg]
[uploads-ssl.webflow.com/5773cfeac8d072ad1d609dcd/577a81ec3dcedd7133c177d9_Round-light-cover.jpg]
[uploads-ssl.webflow.com/5773cfeac8d072ad1d609dcd/57a75261e199bb9c46964e2e_Linguine.jpg]
[uploads-ssl.webflow.com/5773cfeac8d072ad1d609dcd/57e3f4af11e5d9f62555a3b9_Screen Shot 2016-09-22 at 16.11.27.png]
[uploads-ssl.webflow.com/5773cfeac8d072ad1d609dcd/57fcb0c98a25d7b95ec96b97_Clubino_720x450-720x450.jpg]
[uploads-ssl.webflow.com/5773cfeac8d072ad1d609dcd/57c41cc2299d142f56e72386_Goose 2.jpg]
[uploads-ssl.webflow.com/5773cfeac8d072ad1d609dcd/57fcac618a25d7b95ec958d8_Screen Shot 2016-10-11 at 11.09.30.png]
[uploads-ssl.webflow.com/5773cfeac8d072ad1d609dcd/5786ce11ccda65ac618a9e07_instagram-Icon-gold-osteria.png]
[uploads-ssl.webflow.com/5773cfeac8d072ad1d609dcd/5786ce55ccda65ac618a9e0b_Twitter-icon-gold-osteria.png]
[uploads-ssl.webflow.com/5773cfeac8d072ad1d609dcd/5786ce6b10c15d965142a1f6_facebook-Icon-gold-osteria.png]
[uploads-ssl.webflow.com/5773cfeac8d072ad1d609dcd/css/osteria60.webflow.86c6feea5.css]
[hautdegammedotnet.files.wordpress.com/2016/10/img-20161008-wa0001-edit01ec10.jpg]
[hautdegammedotnet.files.wordpress.com/2016/10/000img_2780fefa.jpg]
[hautdegammedotnet.files.wordpress.com/2016/10/000img_2782fefa.jpg]
[hautdegammedotnet.files.wordpress.com/2016/10/000img_27856410.jpg]
[hautdegammedotnet.files.wordpress.com/2016/10/000img_2790fefa.jpg]
[hautdegammedotnet.files.wordpress.com/2016/10/000img_2793fefa.jpg]
[hautdegammedotnet.files.wordpress.com/2016/10/000img_2794fefa.jpg]
[hautdegammedotnet.files.wordpress.com/2016/10/000img_2800fefa.jpg]
[hautdegammedotnet.files.wordpress.com/2016/10/000img_2810fefa.jpg]
[hautdegammedotnet.files.wordpress.com/2016/10/000img_2812fefa.jpg]
[hautdegammedotnet.files.wordpress.com/2016/10/000img_2818fefa.jpg]
[hautdegammedotnet.files.wordpress.com/2016/10/000img_2821fefa.jpg]
[hautdegammedotnet.files.wordpress.com/2016/10/000img_2825fefa.jpg]
[hautdegammedotnet.files.wordpress.com/2016/10/000img_2827fefa.jpg]
[osteria60.webflow.io/our-blog/yoji-tokuyoshi-ivan-simeoli-at-osteria-60-london-7th-october-2016.html]
[osteria60.webflow.io/our-story]
[osteria60.webflow.io/our-menus]
[osteria60.webflow.io/drinks]
[osteria60.webflow.io/venue-hire]
[osteria60.webflow.io/news]
[osteria60.webflow.io/christmas-at-osteria-60]
[osteria60.webflow.io/breakfast]
[osteria60.webflow.io/afternoon-tea.html]
[osteria60.webflow.io/events]
[osteria60.webflow.io/our-blog/london-travels-osteria-60-kensington.html]
[osteria60.webflow.io/our-blog/fine-dining-italian-at-osteria-60-in-londons-luxurious-baglioni-hotel.html]
[osteria60.webflow.io/event/ivan-friends.html]
[osteria60.webflow.io/event/osteria-60-tasting-menu]
[osteria60.webflow.io/event/zane-saleh.html]
[osteria60.webflow.io/our-blog/_https_/assets.website-files.com/5773cfeac8d072ad1d609dd1/57fca9d03d50c2ae5e866433_mackerel1.jpg_]
